error: no harnesses matched the harness filter: `main`
