

<html>
  <head>
    <title>CBMC</title>
    <link rel="stylesheet" type="text/css" href="/viewer.css">
  </head>

  <body>
    <h1>CBMC report</h1>

    <div class="coverage">
      <h2>Coverage</h2>
      

      
      
      <p>
        Coverage: 1.00 (reached 7 of 7 reachable lines)
      </p>
      

      
      
      <table class="coverage">
        <tr>
          <th class="coverage">Coverage</th>
          <th class="function">Function</th>
          <th class="file">File</th>
        </tr>
        
        <tr>
          <td class="coverage">1.00 (3/3)</td>
          <td class="function"><a href="./library/std/src/lib.rs.html#11">main</a></td>
          <td class="file"><a href="./library/std/src/lib.rs.html">library/std/src/lib.rs</a></td>
        </tr>
        
        <tr>
          <td class="coverage">1.00 (4/4)</td>
          <td class="function"><a href="./tests/expected/assert-location/debug-assert/main.rs.html#11">main</a></td>
          <td class="file"><a href="./tests/expected/assert-location/debug-assert/main.rs.html">tests/expected/assert-location/debug-assert/main.rs</a></td>
        </tr>
        
      </table>
    </div>
    

    

    <div class="warnings">
      <h2> Warnings</h2>
      

      

      

      

      
      None
      

    <div class="errors">
      <h2>Errors</h2>
      

      

      

      
      <ul>
        
        <li> File <a href="./tests/expected/assert-location/debug-assert/main.rs.html">tests/expected/assert-location/debug-assert/main.rs</a>
          <ul>
            
            
            <li>
              Function <a href="./tests/expected/assert-location/debug-assert/main.rs.html#11">main</a>
              <ul>
                
                <li>
                  Line <a href="./tests/expected/assert-location/debug-assert/main.rs.html#13">13</a>
                  <ul>
                    
                    <li>
                      [<a href="./traces/main.assertion.1.html">trace</a>]
                      "This should fail and stop the execution"
                    </li>
                     
                  </ul>
                </li>
                 
              </ul>
            </li>
             
          </ul>
        </li>
         
      </ul>
      

      

    </div>
  </body>
</html>
