

<html>
  <head>
    <title>CBMC</title>
    <link rel="stylesheet" type="text/css" href="/viewer.css">
  </head>

  <body>
    <h1>CBMC report</h1>

    <div class="coverage">
      <h2>Coverage</h2>
      

      
      
      <p>
        Coverage: 1.00 (reached 5 of 5 reachable lines)
      </p>
      

      
      
      <table class="coverage">
        <tr>
          <th class="coverage">Coverage</th>
          <th class="function">Function</th>
          <th class="file">File</th>
        </tr>
        
        <tr>
          <td class="coverage">1.00 (2/2)</td>
          <td class="function"><a href="./tests/expected/reach/rem-zero/reachable_pass/test.rs.html#13">main</a></td>
          <td class="file"><a href="./tests/expected/reach/rem-zero/reachable_pass/test.rs.html">tests/expected/reach/rem-zero/reachable_pass/test.rs</a></td>
        </tr>
        
        <tr>
          <td class="coverage">1.00 (3/3)</td>
          <td class="function"><a href="./tests/expected/reach/rem-zero/reachable_pass/test.rs.html#8">rem</a></td>
          <td class="file"><a href="./tests/expected/reach/rem-zero/reachable_pass/test.rs.html">tests/expected/reach/rem-zero/reachable_pass/test.rs</a></td>
        </tr>
        
      </table>
    </div>
    

    

    <div class="warnings">
      <h2> Warnings</h2>
      

      

      

      

      
      None
      

    <div class="errors">
      <h2>Errors</h2>
      

      

      

      

      
      None
      

    </div>
  </body>
</html>
