

<html>
  <head>
    <title>CBMC</title>
    <link rel="stylesheet" type="text/css" href="/viewer.css">
  </head>

  <body>
    <h1>CBMC report</h1>

    <div class="coverage">
      <h2>Coverage</h2>
      

      
      
      <p>
        Coverage: 0.86 (reached 12 of 14 reachable lines)
      </p>
      

      
      
      <table class="coverage">
        <tr>
          <th class="coverage">Coverage</th>
          <th class="function">Function</th>
          <th class="file">File</th>
        </tr>
        
        <tr>
          <td class="coverage">1.00 (3/3)</td>
          <td class="function"><a href="./library/std/src/lib.rs.html#9">main</a></td>
          <td class="file"><a href="./library/std/src/lib.rs.html">library/std/src/lib.rs</a></td>
        </tr>
        
        <tr>
          <td class="coverage">1.00 (2/2)</td>
          <td class="function"><a href="./library/std/src/process.rs.html#10">std::process::abort</a></td>
          <td class="file"><a href="./library/std/src/process.rs.html">library/std/src/process.rs</a></td>
        </tr>
        
        <tr>
          <td class="coverage">1.00 (7/7)</td>
          <td class="function"><a href="./tests/expected/abort/main.rs.html#9">main</a></td>
          <td class="file"><a href="./tests/expected/abort/main.rs.html">tests/expected/abort/main.rs</a></td>
        </tr>
        
        <tr>
          <td class="coverage">0.00 (0/2)</td>
          <td class="function"><a href="./library/std/src/process.rs.html#15">std::process::exit</a></td>
          <td class="file"><a href="./library/std/src/process.rs.html">library/std/src/process.rs</a></td>
        </tr>
        
      </table>
    </div>
    

    

    <div class="warnings">
      <h2> Warnings</h2>
      

      

      

      

      
      None
      

    <div class="errors">
      <h2>Errors</h2>
      

      

      

      
      <ul>
        
        <li> File <a href="./library/std/src/process.rs.html">library/std/src/process.rs</a>
          <ul>
            
            
            <li>
              Function <a href="./library/std/src/process.rs.html#10">std::process::abort</a>
              <ul>
                
                <li>
                  Line <a href="./library/std/src/process.rs.html#11">11</a>
                  <ul>
                    
                    <li>
                      [<a href="./traces/std::process::abort.assertion.1.html">trace</a>]
                      Function abort() was invoked
                    </li>
                     
                  </ul>
                </li>
                 
              </ul>
            </li>
             
          </ul>
        </li>
         
      </ul>
      

      

    </div>
  </body>
</html>
